Component: ARM Compiler 5.06 update 3 (build 300) Tool: armlink [4d35c9]

==============================================================================

Section Cross References

    main.o(i.EXTI1_IRQHandler) refers to main.o(.data) for force
    main.o(i.USART1_IRQHandler) refers to comcontroll.o(i.SendInt) for SendInt
    main.o(i.USART1_IRQHandler) refers to comcontroll.o(i.Autenthicate) for Autenthicate
    main.o(i.USART1_IRQHandler) refers to main.o(.data) for force
    main.o(i.main) refers to basefunctions.o(i.clock_configuration) for clock_configuration
    main.o(i.main) refers to basefunctions.o(i.ButtonInit) for ButtonInit
    main.o(i.main) refers to basefunctions.o(i.LedInit) for LedInit
    main.o(i.main) refers to comcontroll.o(i.USARTInit) for USARTInit
    main.o(i.main) refers to enkodercontroll.o(i.SetUpInterrupt) for SetUpInterrupt
    main.o(i.main) refers to enkodercontroll.o(i.ResetEncoder) for ResetEncoder
    main.o(i.main) refers to main.o(.data) for force
    comcontroll.o(i.SendInt) refers to comcontroll.o(i.SendByte) for SendByte
    comcontroll.o(i.USARTInit) refers to dfix.o(x$fpl$dfix) for __aeabi_d2iz
    comcontroll.o(i.USARTInit) refers to dflt_clz.o(x$fpl$dfltu) for __aeabi_ui2d
    comcontroll.o(i.USARTInit) refers to daddsub_clz.o(x$fpl$drsb) for __aeabi_drsub
    comcontroll.o(i.USARTInit) refers to dmul.o(x$fpl$dmul) for __aeabi_dmul
    enkodercontroll.o(i.SetUpInterrupt) refers to enkodercontroll.o(i.NVIC_EnableIRQ) for NVIC_EnableIRQ
    enkodercontroll.o(i.SetUpInterrupt) refers to enkodercontroll.o(i.NVIC_SetPriority) for NVIC_SetPriority
    startup_stm32f10x_md_vl.o(STACK) refers (Special) to heapauxi.o(.text) for __use_two_region_memory
    startup_stm32f10x_md_vl.o(HEAP) refers (Special) to heapauxi.o(.text) for __use_two_region_memory
    startup_stm32f10x_md_vl.o(RESET) refers (Special) to heapauxi.o(.text) for __use_two_region_memory
    startup_stm32f10x_md_vl.o(RESET) refers to startup_stm32f10x_md_vl.o(STACK) for __initial_sp
    startup_stm32f10x_md_vl.o(RESET) refers to startup_stm32f10x_md_vl.o(.text) for Reset_Handler
    startup_stm32f10x_md_vl.o(RESET) refers to main.o(i.EXTI1_IRQHandler) for EXTI1_IRQHandler
    startup_stm32f10x_md_vl.o(RESET) refers to main.o(i.EXTI2_IRQHandler) for EXTI2_IRQHandler
    startup_stm32f10x_md_vl.o(RESET) refers to main.o(i.EXTI3_IRQHandler) for EXTI3_IRQHandler
    startup_stm32f10x_md_vl.o(RESET) refers to main.o(i.EXTI4_IRQHandler) for EXTI4_IRQHandler
    startup_stm32f10x_md_vl.o(RESET) refers to main.o(i.USART1_IRQHandler) for USART1_IRQHandler
    startup_stm32f10x_md_vl.o(.text) refers (Special) to heapauxi.o(.text) for __use_two_region_memory
    startup_stm32f10x_md_vl.o(.text) refers to system_stm32f10x.o(i.SystemInit) for SystemInit
    startup_stm32f10x_md_vl.o(.text) refers to __main.o(!!!main) for __main
    startup_stm32f10x_md_vl.o(.text) refers to startup_stm32f10x_md_vl.o(HEAP) for Heap_Mem
    startup_stm32f10x_md_vl.o(.text) refers to startup_stm32f10x_md_vl.o(STACK) for Stack_Mem
    system_stm32f10x.o(i.SetSysClock) refers to system_stm32f10x.o(i.SetSysClockTo24) for SetSysClockTo24
    system_stm32f10x.o(i.SystemCoreClockUpdate) refers to system_stm32f10x.o(.data) for SystemCoreClock
    system_stm32f10x.o(i.SystemInit) refers to system_stm32f10x.o(i.SetSysClock) for SetSysClock
    __main.o(!!!main) refers to __rtentry.o(.ARM.Collect$$rtentry$$00000000) for __rt_entry
    daddsub_clz.o(x$fpl$dadd) refers (Special) to usenofp.o(x$fpl$usenofp) for __I$use$fp
    daddsub_clz.o(x$fpl$dadd) refers to daddsub_clz.o(x$fpl$dsub) for _dsub1
    daddsub_clz.o(x$fpl$dadd) refers to dretinf.o(x$fpl$dretinf) for __fpl_dretinf
    daddsub_clz.o(x$fpl$dadd) refers to dnaninf.o(x$fpl$dnaninf) for __fpl_dnaninf
    daddsub_clz.o(x$fpl$drsb) refers (Special) to usenofp.o(x$fpl$usenofp) for __I$use$fp
    daddsub_clz.o(x$fpl$drsb) refers to daddsub_clz.o(x$fpl$dadd) for _dadd1
    daddsub_clz.o(x$fpl$drsb) refers to daddsub_clz.o(x$fpl$dsub) for _dsub1
    daddsub_clz.o(x$fpl$dsub) refers (Special) to usenofp.o(x$fpl$usenofp) for __I$use$fp
    daddsub_clz.o(x$fpl$dsub) refers to daddsub_clz.o(x$fpl$dadd) for _dadd1
    daddsub_clz.o(x$fpl$dsub) refers to dnaninf.o(x$fpl$dnaninf) for __fpl_dnaninf
    dfix.o(x$fpl$dfix) refers (Special) to usenofp.o(x$fpl$usenofp) for __I$use$fp
    dfix.o(x$fpl$dfix) refers to dnaninf.o(x$fpl$dnaninf) for __fpl_dnaninf
    dfix.o(x$fpl$dfixr) refers (Special) to usenofp.o(x$fpl$usenofp) for __I$use$fp
    dfix.o(x$fpl$dfixr) refers to dnaninf.o(x$fpl$dnaninf) for __fpl_dnaninf
    dflt_clz.o(x$fpl$dfltu) refers (Special) to usenofp.o(x$fpl$usenofp) for __I$use$fp
    dflt_clz.o(x$fpl$dflt) refers (Special) to usenofp.o(x$fpl$usenofp) for __I$use$fp
    dflt_clz.o(x$fpl$dfltn) refers (Special) to usenofp.o(x$fpl$usenofp) for __I$use$fp
    dmul.o(x$fpl$dmul) refers (Special) to usenofp.o(x$fpl$usenofp) for __I$use$fp
    dmul.o(x$fpl$dmul) refers to dretinf.o(x$fpl$dretinf) for __fpl_dretinf
    dmul.o(x$fpl$dmul) refers to dnaninf.o(x$fpl$dnaninf) for __fpl_dnaninf
    __rtentry.o(.ARM.Collect$$rtentry$$00000000) refers (Special) to __rtentry2.o(.ARM.Collect$$rtentry$$0000000A) for __rt_entry_li
    __rtentry.o(.ARM.Collect$$rtentry$$00000000) refers (Special) to __rtentry2.o(.ARM.Collect$$rtentry$$0000000D) for __rt_entry_main
    __rtentry.o(.ARM.Collect$$rtentry$$00000000) refers (Special) to __rtentry2.o(.ARM.Collect$$rtentry$$0000000C) for __rt_entry_postli_1
    __rtentry.o(.ARM.Collect$$rtentry$$00000000) refers (Special) to __rtentry2.o(.ARM.Collect$$rtentry$$00000009) for __rt_entry_postsh_1
    __rtentry.o(.ARM.Collect$$rtentry$$00000000) refers (Special) to __rtentry2.o(.ARM.Collect$$rtentry$$00000002) for __rt_entry_presh_1
    __rtentry.o(.ARM.Collect$$rtentry$$00000000) refers (Special) to __rtentry4.o(.ARM.Collect$$rtentry$$00000004) for __rt_entry_sh
    dnaninf.o(x$fpl$dnaninf) refers (Special) to usenofp.o(x$fpl$usenofp) for __I$use$fp
    dretinf.o(x$fpl$dretinf) refers (Special) to usenofp.o(x$fpl$usenofp) for __I$use$fp
    __rtentry2.o(.ARM.Collect$$rtentry$$00000008) refers to boardinit2.o(.text) for _platform_post_stackheap_init
    __rtentry2.o(.ARM.Collect$$rtentry$$0000000A) refers to libinit.o(.ARM.Collect$$libinit$$00000000) for __rt_lib_init
    __rtentry2.o(.ARM.Collect$$rtentry$$0000000B) refers to boardinit3.o(.text) for _platform_post_lib_init
    __rtentry2.o(.ARM.Collect$$rtentry$$0000000D) refers to main.o(i.main) for main
    __rtentry2.o(.ARM.Collect$$rtentry$$0000000D) refers to exit.o(.text) for exit
    __rtentry2.o(.ARM.exidx) refers to __rtentry2.o(.ARM.Collect$$rtentry$$00000001) for .ARM.Collect$$rtentry$$00000001
    __rtentry2.o(.ARM.exidx) refers to __rtentry2.o(.ARM.Collect$$rtentry$$00000008) for .ARM.Collect$$rtentry$$00000008
    __rtentry2.o(.ARM.exidx) refers to __rtentry2.o(.ARM.Collect$$rtentry$$0000000A) for .ARM.Collect$$rtentry$$0000000A
    __rtentry2.o(.ARM.exidx) refers to __rtentry2.o(.ARM.Collect$$rtentry$$0000000B) for .ARM.Collect$$rtentry$$0000000B
    __rtentry2.o(.ARM.exidx) refers to __rtentry2.o(.ARM.Collect$$rtentry$$0000000D) for .ARM.Collect$$rtentry$$0000000D
    __rtentry4.o(.ARM.Collect$$rtentry$$00000004) refers to sys_stackheap_outer.o(.text) for __user_setup_stackheap
    __rtentry4.o(.ARM.exidx) refers to __rtentry4.o(.ARM.Collect$$rtentry$$00000004) for .ARM.Collect$$rtentry$$00000004
    sys_stackheap_outer.o(.text) refers to libspace.o(.text) for __user_perproc_libspace
    sys_stackheap_outer.o(.text) refers to startup_stm32f10x_md_vl.o(.text) for __user_initial_stackheap
    exit.o(.text) refers to rtexit.o(.ARM.Collect$$rtexit$$00000000) for __rt_exit
    libinit.o(.ARM.Collect$$libinit$$00000000) refers (Special) to libinit2.o(.ARM.Collect$$libinit$$0000002E) for __rt_lib_init_alloca_1
    libinit.o(.ARM.Collect$$libinit$$00000000) refers (Special) to libinit2.o(.ARM.Collect$$libinit$$0000002C) for __rt_lib_init_argv_1
    libinit.o(.ARM.Collect$$libinit$$00000000) refers (Special) to libinit2.o(.ARM.Collect$$libinit$$0000001B) for __rt_lib_init_atexit_1
    libinit.o(.ARM.Collect$$libinit$$00000000) refers (Special) to libinit2.o(.ARM.Collect$$libinit$$00000021) for __rt_lib_init_clock_1
    libinit.o(.ARM.Collect$$libinit$$00000000) refers (Special) to libinit2.o(.ARM.Collect$$libinit$$00000032) for __rt_lib_init_cpp_1
    libinit.o(.ARM.Collect$$libinit$$00000000) refers (Special) to libinit2.o(.ARM.Collect$$libinit$$00000030) for __rt_lib_init_exceptions_1
    libinit.o(.ARM.Collect$$libinit$$00000000) refers (Special) to libinit2.o(.ARM.Collect$$libinit$$00000002) for __rt_lib_init_fp_1
    libinit.o(.ARM.Collect$$libinit$$00000000) refers (Special) to libinit2.o(.ARM.Collect$$libinit$$0000001F) for __rt_lib_init_fp_trap_1
    libinit.o(.ARM.Collect$$libinit$$00000000) refers (Special) to libinit2.o(.ARM.Collect$$libinit$$00000023) for __rt_lib_init_getenv_1
    libinit.o(.ARM.Collect$$libinit$$00000000) refers (Special) to libinit2.o(.ARM.Collect$$libinit$$0000000A) for __rt_lib_init_heap_1
    libinit.o(.ARM.Collect$$libinit$$00000000) refers (Special) to libinit2.o(.ARM.Collect$$libinit$$00000011) for __rt_lib_init_lc_collate_1
    libinit.o(.ARM.Collect$$libinit$$00000000) refers (Special) to libinit2.o(.ARM.Collect$$libinit$$00000013) for __rt_lib_init_lc_ctype_1
    libinit.o(.ARM.Collect$$libinit$$00000000) refers (Special) to libinit2.o(.ARM.Collect$$libinit$$00000015) for __rt_lib_init_lc_monetary_1
    libinit.o(.ARM.Collect$$libinit$$00000000) refers (Special) to libinit2.o(.ARM.Collect$$libinit$$00000017) for __rt_lib_init_lc_numeric_1
    libinit.o(.ARM.Collect$$libinit$$00000000) refers (Special) to libinit2.o(.ARM.Collect$$libinit$$00000019) for __rt_lib_init_lc_time_1
    libinit.o(.ARM.Collect$$libinit$$00000000) refers (Special) to libinit2.o(.ARM.Collect$$libinit$$00000004) for __rt_lib_init_preinit_1
    libinit.o(.ARM.Collect$$libinit$$00000000) refers (Special) to libinit2.o(.ARM.Collect$$libinit$$0000000E) for __rt_lib_init_rand_1
    libinit.o(.ARM.Collect$$libinit$$00000000) refers (Special) to libinit2.o(.ARM.Collect$$libinit$$00000033) for __rt_lib_init_return
    libinit.o(.ARM.Collect$$libinit$$00000000) refers (Special) to libinit2.o(.ARM.Collect$$libinit$$0000001D) for __rt_lib_init_signal_1
    libinit.o(.ARM.Collect$$libinit$$00000000) refers (Special) to libinit2.o(.ARM.Collect$$libinit$$00000025) for __rt_lib_init_stdio_1
    libinit.o(.ARM.Collect$$libinit$$00000000) refers (Special) to libinit2.o(.ARM.Collect$$libinit$$0000000C) for __rt_lib_init_user_alloc_1
    libspace.o(.text) refers to libspace.o(.bss) for __libspace_start
    rtexit.o(.ARM.Collect$$rtexit$$00000000) refers (Special) to rtexit2.o(.ARM.Collect$$rtexit$$00000004) for __rt_exit_exit
    rtexit.o(.ARM.Collect$$rtexit$$00000000) refers (Special) to rtexit2.o(.ARM.Collect$$rtexit$$00000003) for __rt_exit_ls
    rtexit.o(.ARM.Collect$$rtexit$$00000000) refers (Special) to rtexit2.o(.ARM.Collect$$rtexit$$00000002) for __rt_exit_prels_1
    rtexit.o(.ARM.exidx) refers (Special) to rtexit2.o(.ARM.Collect$$rtexit$$00000004) for __rt_exit_exit
    rtexit.o(.ARM.exidx) refers (Special) to rtexit2.o(.ARM.Collect$$rtexit$$00000003) for __rt_exit_ls
    rtexit.o(.ARM.exidx) refers (Special) to rtexit2.o(.ARM.Collect$$rtexit$$00000002) for __rt_exit_prels_1
    rtexit.o(.ARM.exidx) refers to rtexit.o(.ARM.Collect$$rtexit$$00000000) for .ARM.Collect$$rtexit$$00000000
    libinit2.o(.ARM.Collect$$libinit$$00000010) refers to libinit2.o(.ARM.Collect$$libinit$$0000000F) for .ARM.Collect$$libinit$$0000000F
    libinit2.o(.ARM.Collect$$libinit$$00000012) refers to libinit2.o(.ARM.Collect$$libinit$$0000000F) for .ARM.Collect$$libinit$$0000000F
    libinit2.o(.ARM.Collect$$libinit$$00000014) refers to libinit2.o(.ARM.Collect$$libinit$$0000000F) for .ARM.Collect$$libinit$$0000000F
    libinit2.o(.ARM.Collect$$libinit$$00000016) refers to libinit2.o(.ARM.Collect$$libinit$$0000000F) for .ARM.Collect$$libinit$$0000000F
    libinit2.o(.ARM.Collect$$libinit$$00000018) refers to libinit2.o(.ARM.Collect$$libinit$$0000000F) for .ARM.Collect$$libinit$$0000000F
    libinit2.o(.ARM.Collect$$libinit$$00000026) refers to argv_veneer.o(.emb_text) for __ARM_argv_veneer
    libinit2.o(.ARM.Collect$$libinit$$00000027) refers to argv_veneer.o(.emb_text) for __ARM_argv_veneer
    rtexit2.o(.ARM.Collect$$rtexit$$00000003) refers to libshutdown.o(.ARM.Collect$$libshutdown$$00000000) for __rt_lib_shutdown
    rtexit2.o(.ARM.Collect$$rtexit$$00000004) refers to sys_exit.o(.text) for _sys_exit
    rtexit2.o(.ARM.exidx) refers to rtexit2.o(.ARM.Collect$$rtexit$$00000001) for .ARM.Collect$$rtexit$$00000001
    rtexit2.o(.ARM.exidx) refers to rtexit2.o(.ARM.Collect$$rtexit$$00000003) for .ARM.Collect$$rtexit$$00000003
    rtexit2.o(.ARM.exidx) refers to rtexit2.o(.ARM.Collect$$rtexit$$00000004) for .ARM.Collect$$rtexit$$00000004
    argv_veneer.o(.emb_text) refers to no_argv.o(.text) for __ARM_get_argv
    sys_exit.o(.text) refers (Special) to use_no_semi.o(.text) for __I$use$semihosting
    sys_exit.o(.text) refers (Special) to indicate_semi.o(.text) for __semihosting_library_function
    _get_argv_nomalloc.o(.text) refers (Special) to hrguard.o(.text) for __heap_region$guard
    _get_argv_nomalloc.o(.text) refers to defsig_rtmem_outer.o(.text) for __rt_SIGRTMEM
    _get_argv_nomalloc.o(.text) refers to sys_command.o(.text) for _sys_command_string
    libshutdown.o(.ARM.Collect$$libshutdown$$00000000) refers (Special) to libshutdown2.o(.ARM.Collect$$libshutdown$$00000002) for __rt_lib_shutdown_cpp_1
    libshutdown.o(.ARM.Collect$$libshutdown$$00000000) refers (Special) to libshutdown2.o(.ARM.Collect$$libshutdown$$00000007) for __rt_lib_shutdown_fp_trap_1
    libshutdown.o(.ARM.Collect$$libshutdown$$00000000) refers (Special) to libshutdown2.o(.ARM.Collect$$libshutdown$$0000000F) for __rt_lib_shutdown_heap_1
    libshutdown.o(.ARM.Collect$$libshutdown$$00000000) refers (Special) to libshutdown2.o(.ARM.Collect$$libshutdown$$00000010) for __rt_lib_shutdown_return
    libshutdown.o(.ARM.Collect$$libshutdown$$00000000) refers (Special) to libshutdown2.o(.ARM.Collect$$libshutdown$$0000000A) for __rt_lib_shutdown_signal_1
    libshutdown.o(.ARM.Collect$$libshutdown$$00000000) refers (Special) to libshutdown2.o(.ARM.Collect$$libshutdown$$00000004) for __rt_lib_shutdown_stdio_1
    libshutdown.o(.ARM.Collect$$libshutdown$$00000000) refers (Special) to libshutdown2.o(.ARM.Collect$$libshutdown$$0000000C) for __rt_lib_shutdown_user_alloc_1
    sys_command.o(.text) refers (Special) to use_no_semi.o(.text) for __I$use$semihosting
    sys_command.o(.text) refers (Special) to indicate_semi.o(.text) for __semihosting_library_function
    defsig_rtmem_outer.o(.text) refers to defsig_rtmem_inner.o(.text) for __rt_SIGRTMEM_inner
    defsig_rtmem_outer.o(.text) refers to defsig_exit.o(.text) for __sig_exit
    defsig_rtmem_formal.o(.text) refers to rt_raise.o(.text) for __rt_raise
    rt_raise.o(.text) refers to __raise.o(.text) for __raise
    rt_raise.o(.text) refers to sys_exit.o(.text) for _sys_exit
    defsig_exit.o(.text) refers to sys_exit.o(.text) for _sys_exit
    defsig_rtmem_inner.o(.text) refers to defsig_general.o(.text) for __default_signal_display
    __raise.o(.text) refers to defsig.o(CL$$defsig) for __default_signal_handler
    defsig_general.o(.text) refers to sys_wrch.o(.text) for _ttywrch
    sys_wrch.o(.text) refers (Special) to use_no_semi.o(.text) for __I$use$semihosting
    sys_wrch.o(.text) refers (Special) to indicate_semi.o(.text) for __semihosting_library_function
    defsig.o(CL$$defsig) refers to defsig_rtmem_inner.o(.text) for __rt_SIGRTMEM_inner
    defsig_abrt_inner.o(.text) refers to defsig_general.o(.text) for __default_signal_display
    defsig_fpe_inner.o(.text) refers to defsig_general.o(.text) for __default_signal_display
    defsig_rtred_inner.o(.text) refers to defsig_general.o(.text) for __default_signal_display
    defsig_stak_inner.o(.text) refers to defsig_general.o(.text) for __default_signal_display
    defsig_pvfn_inner.o(.text) refers to defsig_general.o(.text) for __default_signal_display
    defsig_cppl_inner.o(.text) refers to defsig_general.o(.text) for __default_signal_display
    defsig_segv_inner.o(.text) refers to defsig_general.o(.text) for __default_signal_display
    defsig_other.o(.text) refers to defsig_general.o(.text) for __default_signal_display


==============================================================================

Removing Unused input sections from the image.

    Removing main.o(.rev16_text), (4 bytes).
    Removing main.o(.revsh_text), (4 bytes).
    Removing main.o(.rrx_text), (6 bytes).
    Removing basefunctions.o(.rev16_text), (4 bytes).
    Removing basefunctions.o(.revsh_text), (4 bytes).
    Removing basefunctions.o(.rrx_text), (6 bytes).
    Removing comcontroll.o(.rev16_text), (4 bytes).
    Removing comcontroll.o(.revsh_text), (4 bytes).
    Removing comcontroll.o(.rrx_text), (6 bytes).
    Removing enkodercontroll.o(.rev16_text), (4 bytes).
    Removing enkodercontroll.o(.revsh_text), (4 bytes).
    Removing enkodercontroll.o(.rrx_text), (6 bytes).
    Removing system_stm32f10x.o(.rev16_text), (4 bytes).
    Removing system_stm32f10x.o(.revsh_text), (4 bytes).
    Removing system_stm32f10x.o(.rrx_text), (6 bytes).
    Removing system_stm32f10x.o(i.SystemCoreClockUpdate), (160 bytes).
    Removing system_stm32f10x.o(.data), (20 bytes).

17 unused section(s) (total 250 bytes) removed from the image.

==============================================================================

Image Symbol Table

    Local Symbols

    Symbol Name                              Value     Ov Type        Size  Object(Section)

    ../clib/angel/boardlib.s                 0x00000000   Number         0  boardinit3.o ABSOLUTE
    ../clib/angel/boardlib.s                 0x00000000   Number         0  boardinit1.o ABSOLUTE
    ../clib/angel/boardlib.s                 0x00000000   Number         0  boardinit2.o ABSOLUTE
    ../clib/angel/boardlib.s                 0x00000000   Number         0  boardshut.o ABSOLUTE
    ../clib/angel/handlers.s                 0x00000000   Number         0  __scatter_zi.o ABSOLUTE
    ../clib/angel/handlers.s                 0x00000000   Number         0  __scatter_copy.o ABSOLUTE
    ../clib/angel/kernel.s                   0x00000000   Number         0  __rtentry2.o ABSOLUTE
    ../clib/angel/kernel.s                   0x00000000   Number         0  rtexit2.o ABSOLUTE
    ../clib/angel/kernel.s                   0x00000000   Number         0  rtexit.o ABSOLUTE
    ../clib/angel/kernel.s                   0x00000000   Number         0  __rtentry4.o ABSOLUTE
    ../clib/angel/kernel.s                   0x00000000   Number         0  __rtentry.o ABSOLUTE
    ../clib/angel/rt.s                       0x00000000   Number         0  rt_raise.o ABSOLUTE
    ../clib/angel/scatter.s                  0x00000000   Number         0  __scatter.o ABSOLUTE
    ../clib/angel/startup.s                  0x00000000   Number         0  __main.o ABSOLUTE
    ../clib/angel/sys.s                      0x00000000   Number         0  sys_stackheap_outer.o ABSOLUTE
    ../clib/angel/sys.s                      0x00000000   Number         0  use_no_semi.o ABSOLUTE
    ../clib/angel/sys.s                      0x00000000   Number         0  libspace.o ABSOLUTE
    ../clib/angel/sys.s                      0x00000000   Number         0  indicate_semi.o ABSOLUTE
    ../clib/angel/sysapp.c                   0x00000000   Number         0  sys_exit.o ABSOLUTE
    ../clib/angel/sysapp.c                   0x00000000   Number         0  sys_command.o ABSOLUTE
    ../clib/angel/sysapp.c                   0x00000000   Number         0  sys_wrch.o ABSOLUTE
    ../clib/armsys.c                         0x00000000   Number         0  no_argv.o ABSOLUTE
    ../clib/armsys.c                         0x00000000   Number         0  argv_veneer.o ABSOLUTE
    ../clib/armsys.c                         0x00000000   Number         0  argv_veneer.o ABSOLUTE
    ../clib/armsys.c                         0x00000000   Number         0  _get_argv_nomalloc.o ABSOLUTE
    ../clib/heapalloc.c                      0x00000000   Number         0  hrguard.o ABSOLUTE
    ../clib/heapaux.c                        0x00000000   Number         0  heapauxi.o ABSOLUTE
    ../clib/libinit.s                        0x00000000   Number         0  libshutdown.o ABSOLUTE
    ../clib/libinit.s                        0x00000000   Number         0  libinit2.o ABSOLUTE
    ../clib/libinit.s                        0x00000000   Number         0  libinit.o ABSOLUTE
    ../clib/libinit.s                        0x00000000   Number         0  libshutdown2.o ABSOLUTE
    ../clib/signal.c                         0x00000000   Number         0  defsig_stak_inner.o ABSOLUTE
    ../clib/signal.c                         0x00000000   Number         0  defsig_rtred_inner.o ABSOLUTE
    ../clib/signal.c                         0x00000000   Number         0  defsig_fpe_inner.o ABSOLUTE
    ../clib/signal.c                         0x00000000   Number         0  defsig_abrt_inner.o ABSOLUTE
    ../clib/signal.c                         0x00000000   Number         0  defsig_general.o ABSOLUTE
    ../clib/signal.c                         0x00000000   Number         0  __raise.o ABSOLUTE
    ../clib/signal.c                         0x00000000   Number         0  defsig_rtmem_inner.o ABSOLUTE
    ../clib/signal.c                         0x00000000   Number         0  defsig_exit.o ABSOLUTE
    ../clib/signal.c                         0x00000000   Number         0  defsig_rtmem_formal.o ABSOLUTE
    ../clib/signal.c                         0x00000000   Number         0  defsig_rtmem_outer.o ABSOLUTE
    ../clib/signal.c                         0x00000000   Number         0  defsig_other.o ABSOLUTE
    ../clib/signal.c                         0x00000000   Number         0  defsig_segv_inner.o ABSOLUTE
    ../clib/signal.c                         0x00000000   Number         0  defsig_cppl_inner.o ABSOLUTE
    ../clib/signal.c                         0x00000000   Number         0  defsig_pvfn_inner.o ABSOLUTE
    ../clib/signal.s                         0x00000000   Number         0  defsig.o ABSOLUTE
    ../clib/stdlib.c                         0x00000000   Number         0  exit.o ABSOLUTE
    ../fplib/daddsub.s                       0x00000000   Number         0  daddsub_clz.o ABSOLUTE
    ../fplib/dfix.s                          0x00000000   Number         0  dfix.o ABSOLUTE
    ../fplib/dflt.s                          0x00000000   Number         0  dflt_clz.o ABSOLUTE
    ../fplib/dmul.s                          0x00000000   Number         0  dmul.o ABSOLUTE
    ../fplib/dnaninf.s                       0x00000000   Number         0  dnaninf.o ABSOLUTE
    ../fplib/dretinf.s                       0x00000000   Number         0  dretinf.o ABSOLUTE
    ../fplib/fpinit.s                        0x00000000   Number         0  fpinit.o ABSOLUTE
    ../fplib/usenofp.s                       0x00000000   Number         0  usenofp.o ABSOLUTE
    BaseFunctions.c                          0x00000000   Number         0  basefunctions.o ABSOLUTE
    BaseFunctions.c                          0x00000000   Number         0  basefunctions.o ABSOLUTE
    COMControll.c                            0x00000000   Number         0  comcontroll.o ABSOLUTE
    COMControll.c                            0x00000000   Number         0  comcontroll.o ABSOLUTE
    RTE\Device\STM32F100RB\startup_stm32f10x_md_vl.s 0x00000000   Number         0  startup_stm32f10x_md_vl.o ABSOLUTE
    RTE\Device\STM32F100RB\system_stm32f10x.c 0x00000000   Number         0  system_stm32f10x.o ABSOLUTE
    RTE\\Device\\STM32F100RB\\system_stm32f10x.c 0x00000000   Number         0  system_stm32f10x.o ABSOLUTE
    dc.s                                     0x00000000   Number         0  dc.o ABSOLUTE
    enkoderControll.c                        0x00000000   Number         0  enkodercontroll.o ABSOLUTE
    enkoderControll.c                        0x00000000   Number         0  enkodercontroll.o ABSOLUTE
    main.c                                   0x00000000   Number         0  main.o ABSOLUTE
    main.c                                   0x00000000   Number         0  main.o ABSOLUTE
    RESET                                    0x08000000   Section      288  startup_stm32f10x_md_vl.o(RESET)
    !!!main                                  0x08000120   Section        8  __main.o(!!!main)
    !!!scatter                               0x08000128   Section       52  __scatter.o(!!!scatter)
    !!handler_copy                           0x0800015c   Section       26  __scatter_copy.o(!!handler_copy)
    !!handler_zi                             0x08000178   Section       28  __scatter_zi.o(!!handler_zi)
    .ARM.Collect$$libinit$$00000000          0x08000194   Section        2  libinit.o(.ARM.Collect$$libinit$$00000000)
    .ARM.Collect$$libinit$$00000002          0x08000196   Section        0  libinit2.o(.ARM.Collect$$libinit$$00000002)
    .ARM.Collect$$libinit$$00000004          0x08000196   Section        0  libinit2.o(.ARM.Collect$$libinit$$00000004)
    .ARM.Collect$$libinit$$0000000A          0x08000196   Section        0  libinit2.o(.ARM.Collect$$libinit$$0000000A)
    .ARM.Collect$$libinit$$0000000C          0x08000196   Section        0  libinit2.o(.ARM.Collect$$libinit$$0000000C)
    .ARM.Collect$$libinit$$0000000E          0x08000196   Section        0  libinit2.o(.ARM.Collect$$libinit$$0000000E)
    .ARM.Collect$$libinit$$00000011          0x08000196   Section        0  libinit2.o(.ARM.Collect$$libinit$$00000011)
    .ARM.Collect$$libinit$$00000013          0x08000196   Section        0  libinit2.o(.ARM.Collect$$libinit$$00000013)
    .ARM.Collect$$libinit$$00000015          0x08000196   Section        0  libinit2.o(.ARM.Collect$$libinit$$00000015)
    .ARM.Collect$$libinit$$00000017          0x08000196   Section        0  libinit2.o(.ARM.Collect$$libinit$$00000017)
    .ARM.Collect$$libinit$$00000019          0x08000196   Section        0  libinit2.o(.ARM.Collect$$libinit$$00000019)
    .ARM.Collect$$libinit$$0000001B          0x08000196   Section        0  libinit2.o(.ARM.Collect$$libinit$$0000001B)
    .ARM.Collect$$libinit$$0000001D          0x08000196   Section        0  libinit2.o(.ARM.Collect$$libinit$$0000001D)
    .ARM.Collect$$libinit$$0000001F          0x08000196   Section        0  libinit2.o(.ARM.Collect$$libinit$$0000001F)
    .ARM.Collect$$libinit$$00000021          0x08000196   Section        0  libinit2.o(.ARM.Collect$$libinit$$00000021)
    .ARM.Collect$$libinit$$00000023          0x08000196   Section        0  libinit2.o(.ARM.Collect$$libinit$$00000023)
    .ARM.Collect$$libinit$$00000025          0x08000196   Section        0  libinit2.o(.ARM.Collect$$libinit$$00000025)
    .ARM.Collect$$libinit$$0000002C          0x08000196   Section        0  libinit2.o(.ARM.Collect$$libinit$$0000002C)
    .ARM.Collect$$libinit$$0000002E          0x08000196   Section        0  libinit2.o(.ARM.Collect$$libinit$$0000002E)
    .ARM.Collect$$libinit$$00000030          0x08000196   Section        0  libinit2.o(.ARM.Collect$$libinit$$00000030)
    .ARM.Collect$$libinit$$00000032          0x08000196   Section        0  libinit2.o(.ARM.Collect$$libinit$$00000032)
    .ARM.Collect$$libinit$$00000033          0x08000196   Section        2  libinit2.o(.ARM.Collect$$libinit$$00000033)
    .ARM.Collect$$libshutdown$$00000000      0x08000198   Section        2  libshutdown.o(.ARM.Collect$$libshutdown$$00000000)
    .ARM.Collect$$libshutdown$$00000002      0x0800019a   Section        0  libshutdown2.o(.ARM.Collect$$libshutdown$$00000002)
    .ARM.Collect$$libshutdown$$00000004      0x0800019a   Section        0  libshutdown2.o(.ARM.Collect$$libshutdown$$00000004)
    .ARM.Collect$$libshutdown$$00000007      0x0800019a   Section        0  libshutdown2.o(.ARM.Collect$$libshutdown$$00000007)
    .ARM.Collect$$libshutdown$$0000000A      0x0800019a   Section        0  libshutdown2.o(.ARM.Collect$$libshutdown$$0000000A)
    .ARM.Collect$$libshutdown$$0000000C      0x0800019a   Section        0  libshutdown2.o(.ARM.Collect$$libshutdown$$0000000C)
    .ARM.Collect$$libshutdown$$0000000F      0x0800019a   Section        0  libshutdown2.o(.ARM.Collect$$libshutdown$$0000000F)
    .ARM.Collect$$libshutdown$$00000010      0x0800019a   Section        2  libshutdown2.o(.ARM.Collect$$libshutdown$$00000010)
    .ARM.Collect$$rtentry$$00000000          0x0800019c   Section        0  __rtentry.o(.ARM.Collect$$rtentry$$00000000)
    .ARM.Collect$$rtentry$$00000002          0x0800019c   Section        0  __rtentry2.o(.ARM.Collect$$rtentry$$00000002)
    .ARM.Collect$$rtentry$$00000004          0x0800019c   Section        6  __rtentry4.o(.ARM.Collect$$rtentry$$00000004)
    .ARM.Collect$$rtentry$$00000009          0x080001a2   Section        0  __rtentry2.o(.ARM.Collect$$rtentry$$00000009)
    .ARM.Collect$$rtentry$$0000000A          0x080001a2   Section        4  __rtentry2.o(.ARM.Collect$$rtentry$$0000000A)
    .ARM.Collect$$rtentry$$0000000C          0x080001a6   Section        0  __rtentry2.o(.ARM.Collect$$rtentry$$0000000C)
    .ARM.Collect$$rtentry$$0000000D          0x080001a6   Section        8  __rtentry2.o(.ARM.Collect$$rtentry$$0000000D)
    .ARM.Collect$$rtexit$$00000000           0x080001ae   Section        2  rtexit.o(.ARM.Collect$$rtexit$$00000000)
    .ARM.Collect$$rtexit$$00000002           0x080001b0   Section        0  rtexit2.o(.ARM.Collect$$rtexit$$00000002)
    .ARM.Collect$$rtexit$$00000003           0x080001b0   Section        4  rtexit2.o(.ARM.Collect$$rtexit$$00000003)
    .ARM.Collect$$rtexit$$00000004           0x080001b4   Section        6  rtexit2.o(.ARM.Collect$$rtexit$$00000004)
    .text                                    0x080001bc   Section       64  startup_stm32f10x_md_vl.o(.text)
    .text                                    0x080001fc   Section        0  heapauxi.o(.text)
    .text                                    0x08000202   Section       74  sys_stackheap_outer.o(.text)
    .text                                    0x0800024c   Section        0  exit.o(.text)
    .text                                    0x08000260   Section        8  libspace.o(.text)
    .text                                    0x08000268   Section        0  sys_exit.o(.text)
    .text                                    0x08000274   Section        2  use_no_semi.o(.text)
    .text                                    0x08000276   Section        0  indicate_semi.o(.text)
    i.Autenthicate                           0x08000278   Section        0  comcontroll.o(i.Autenthicate)
    i.ButtonInit                             0x080002a4   Section        0  basefunctions.o(i.ButtonInit)
    i.EXTI1_IRQHandler                       0x080002b8   Section        0  main.o(i.EXTI1_IRQHandler)
    i.EXTI2_IRQHandler                       0x080002f4   Section        0  main.o(i.EXTI2_IRQHandler)
    i.EXTI3_IRQHandler                       0x08000308   Section        0  main.o(i.EXTI3_IRQHandler)
    i.EXTI4_IRQHandler                       0x0800032c   Section        0  main.o(i.EXTI4_IRQHandler)
    i.LedInit                                0x08000350   Section        0  basefunctions.o(i.LedInit)
    i.NVIC_EnableIRQ                         0x0800037c   Section        0  enkodercontroll.o(i.NVIC_EnableIRQ)
    NVIC_EnableIRQ                           0x0800037d   Thumb Code    26  enkodercontroll.o(i.NVIC_EnableIRQ)
    i.NVIC_SetPriority                       0x08000398   Section        0  enkodercontroll.o(i.NVIC_SetPriority)
    NVIC_SetPriority                         0x08000399   Thumb Code    32  enkodercontroll.o(i.NVIC_SetPriority)
    i.ResetEncoder                           0x080003c0   Section        0  enkodercontroll.o(i.ResetEncoder)
    i.SendByte                               0x080003cc   Section        0  comcontroll.o(i.SendByte)
    i.SendInt                                0x080003f4   Section        0  comcontroll.o(i.SendInt)
    i.SetSysClock                            0x0800040c   Section        0  system_stm32f10x.o(i.SetSysClock)
    SetSysClock                              0x0800040d   Thumb Code     8  system_stm32f10x.o(i.SetSysClock)
    i.SetSysClockTo24                        0x08000414   Section        0  system_stm32f10x.o(i.SetSysClockTo24)
    SetSysClockTo24                          0x08000415   Thumb Code   178  system_stm32f10x.o(i.SetSysClockTo24)
    i.SetUpInterrupt                         0x080004cc   Section        0  enkodercontroll.o(i.SetUpInterrupt)
    i.SystemInit                             0x08000580   Section        0  system_stm32f10x.o(i.SystemInit)
    i.USART1_IRQHandler                      0x080005e4   Section        0  main.o(i.USART1_IRQHandler)
    i.USARTInit                              0x08000624   Section        0  comcontroll.o(i.USARTInit)
    i.clock_configuration                    0x08000720   Section        0  basefunctions.o(i.clock_configuration)
    i.main                                   0x080007ac   Section        0  main.o(i.main)
    x$fpl$dadd                               0x080007e0   Section      336  daddsub_clz.o(x$fpl$dadd)
    _dadd1                                   0x080007f1   Thumb Code     0  daddsub_clz.o(x$fpl$dadd)
    x$fpl$dfix                               0x08000930   Section       94  dfix.o(x$fpl$dfix)
    x$fpl$dfltu                              0x0800098e   Section       38  dflt_clz.o(x$fpl$dfltu)
    x$fpl$dmul                               0x080009b4   Section      340  dmul.o(x$fpl$dmul)
    x$fpl$dnaninf                            0x08000b08   Section      156  dnaninf.o(x$fpl$dnaninf)
    x$fpl$dretinf                            0x08000ba4   Section       12  dretinf.o(x$fpl$dretinf)
    x$fpl$drsb                               0x08000bb0   Section       22  daddsub_clz.o(x$fpl$drsb)
    x$fpl$dsub                               0x08000bc8   Section      468  daddsub_clz.o(x$fpl$dsub)
    _dsub1                                   0x08000bd9   Thumb Code     0  daddsub_clz.o(x$fpl$dsub)
    x$fpl$usenofp                            0x08000d9c   Section        0  usenofp.o(x$fpl$usenofp)
    .data                                    0x20000000   Section       17  main.o(.data)
    .bss                                     0x20000014   Section       96  libspace.o(.bss)
    HEAP                                     0x20000078   Section      512  startup_stm32f10x_md_vl.o(HEAP)
    Heap_Mem                                 0x20000078   Data         512  startup_stm32f10x_md_vl.o(HEAP)
    STACK                                    0x20000278   Section     1024  startup_stm32f10x_md_vl.o(STACK)
    Stack_Mem                                0x20000278   Data        1024  startup_stm32f10x_md_vl.o(STACK)
    __initial_sp                             0x20000678   Data           0  startup_stm32f10x_md_vl.o(STACK)

    Global Symbols

    Symbol Name                              Value     Ov Type        Size  Object(Section)

    BuildAttributes$$THM_ISAv4$P$D$K$B$S$PE$A:L22UL41UL21$X:L11$S22US41US21$IEEE1$IW$USESV6$~STKCKD$USESV7$~SHL$OSPACE$ROPI$EBA8$UX$STANDARDLIB$REQ8$PRES8$EABIv2 0x00000000   Number         0  anon$$obj.o ABSOLUTE
    __ARM_use_no_argv                        0x00000000   Number         0  main.o ABSOLUTE
    __ARM_exceptions_init                     - Undefined Weak Reference
    __alloca_initialize                       - Undefined Weak Reference
    __arm_preinit_                            - Undefined Weak Reference
    __cpp_initialize__aeabi_                  - Undefined Weak Reference
    __cxa_finalize                            - Undefined Weak Reference
    __rt_locale                               - Undefined Weak Reference
    __sigvec_lookup                           - Undefined Weak Reference
    _atexit_init                              - Undefined Weak Reference
    _call_atexit_fns                          - Undefined Weak Reference
    _clock_init                               - Undefined Weak Reference
    _fp_trap_init                             - Undefined Weak Reference
    _fp_trap_shutdown                         - Undefined Weak Reference
    _get_lc_collate                           - Undefined Weak Reference
    _get_lc_ctype                             - Undefined Weak Reference
    _get_lc_monetary                          - Undefined Weak Reference
    _get_lc_numeric                           - Undefined Weak Reference
    _get_lc_time                              - Undefined Weak Reference
    _getenv_init                              - Undefined Weak Reference
    _handle_redirection                       - Undefined Weak Reference
    _init_alloc                               - Undefined Weak Reference
    _init_user_alloc                          - Undefined Weak Reference
    _initio                                   - Undefined Weak Reference
    _rand_init                                - Undefined Weak Reference
    _signal_finish                            - Undefined Weak Reference
    _signal_init                              - Undefined Weak Reference
    _terminate_alloc                          - Undefined Weak Reference
    _terminate_user_alloc                     - Undefined Weak Reference
    _terminateio                              - Undefined Weak Reference
    __Vectors_Size                           0x00000120   Number         0  startup_stm32f10x_md_vl.o ABSOLUTE
    __Vectors                                0x08000000   Data           4  startup_stm32f10x_md_vl.o(RESET)
    __Vectors_End                            0x08000120   Data           0  startup_stm32f10x_md_vl.o(RESET)
    __main                                   0x08000121   Thumb Code     8  __main.o(!!!main)
    __scatterload                            0x08000129   Thumb Code     0  __scatter.o(!!!scatter)
    __scatterload_rt2                        0x08000129   Thumb Code    44  __scatter.o(!!!scatter)
    __scatterload_rt2_thumb_only             0x08000129   Thumb Code     0  __scatter.o(!!!scatter)
    __scatterload_null                       0x08000137   Thumb Code     0  __scatter.o(!!!scatter)
    __scatterload_copy                       0x0800015d   Thumb Code    26  __scatter_copy.o(!!handler_copy)
    __scatterload_zeroinit                   0x08000179   Thumb Code    28  __scatter_zi.o(!!handler_zi)
    __rt_lib_init                            0x08000195   Thumb Code     0  libinit.o(.ARM.Collect$$libinit$$00000000)
    __rt_lib_init_alloca_1                   0x08000197   Thumb Code     0  libinit2.o(.ARM.Collect$$libinit$$0000002E)
    __rt_lib_init_argv_1                     0x08000197   Thumb Code     0  libinit2.o(.ARM.Collect$$libinit$$0000002C)
    __rt_lib_init_atexit_1                   0x08000197   Thumb Code     0  libinit2.o(.ARM.Collect$$libinit$$0000001B)
    __rt_lib_init_clock_1                    0x08000197   Thumb Code     0  libinit2.o(.ARM.Collect$$libinit$$00000021)
    __rt_lib_init_cpp_1                      0x08000197   Thumb Code     0  libinit2.o(.ARM.Collect$$libinit$$00000032)
    __rt_lib_init_exceptions_1               0x08000197   Thumb Code     0  libinit2.o(.ARM.Collect$$libinit$$00000030)
    __rt_lib_init_fp_1                       0x08000197   Thumb Code     0  libinit2.o(.ARM.Collect$$libinit$$00000002)
    __rt_lib_init_fp_trap_1                  0x08000197   Thumb Code     0  libinit2.o(.ARM.Collect$$libinit$$0000001F)
    __rt_lib_init_getenv_1                   0x08000197   Thumb Code     0  libinit2.o(.ARM.Collect$$libinit$$00000023)
    __rt_lib_init_heap_1                     0x08000197   Thumb Code     0  libinit2.o(.ARM.Collect$$libinit$$0000000A)
    __rt_lib_init_lc_collate_1               0x08000197   Thumb Code     0  libinit2.o(.ARM.Collect$$libinit$$00000011)
    __rt_lib_init_lc_ctype_1                 0x08000197   Thumb Code     0  libinit2.o(.ARM.Collect$$libinit$$00000013)
    __rt_lib_init_lc_monetary_1              0x08000197   Thumb Code     0  libinit2.o(.ARM.Collect$$libinit$$00000015)
    __rt_lib_init_lc_numeric_1               0x08000197   Thumb Code     0  libinit2.o(.ARM.Collect$$libinit$$00000017)
    __rt_lib_init_lc_time_1                  0x08000197   Thumb Code     0  libinit2.o(.ARM.Collect$$libinit$$00000019)
    __rt_lib_init_preinit_1                  0x08000197   Thumb Code     0  libinit2.o(.ARM.Collect$$libinit$$00000004)
    __rt_lib_init_rand_1                     0x08000197   Thumb Code     0  libinit2.o(.ARM.Collect$$libinit$$0000000E)
    __rt_lib_init_return                     0x08000197   Thumb Code     0  libinit2.o(.ARM.Collect$$libinit$$00000033)
    __rt_lib_init_signal_1                   0x08000197   Thumb Code     0  libinit2.o(.ARM.Collect$$libinit$$0000001D)
    __rt_lib_init_stdio_1                    0x08000197   Thumb Code     0  libinit2.o(.ARM.Collect$$libinit$$00000025)
    __rt_lib_init_user_alloc_1               0x08000197   Thumb Code     0  libinit2.o(.ARM.Collect$$libinit$$0000000C)
    __rt_lib_shutdown                        0x08000199   Thumb Code     0  libshutdown.o(.ARM.Collect$$libshutdown$$00000000)
    __rt_lib_shutdown_cpp_1                  0x0800019b   Thumb Code     0  libshutdown2.o(.ARM.Collect$$libshutdown$$00000002)
    __rt_lib_shutdown_fp_trap_1              0x0800019b   Thumb Code     0  libshutdown2.o(.ARM.Collect$$libshutdown$$00000007)
    __rt_lib_shutdown_heap_1                 0x0800019b   Thumb Code     0  libshutdown2.o(.ARM.Collect$$libshutdown$$0000000F)
    __rt_lib_shutdown_return                 0x0800019b   Thumb Code     0  libshutdown2.o(.ARM.Collect$$libshutdown$$00000010)
    __rt_lib_shutdown_signal_1               0x0800019b   Thumb Code     0  libshutdown2.o(.ARM.Collect$$libshutdown$$0000000A)
    __rt_lib_shutdown_stdio_1                0x0800019b   Thumb Code     0  libshutdown2.o(.ARM.Collect$$libshutdown$$00000004)
    __rt_lib_shutdown_user_alloc_1           0x0800019b   Thumb Code     0  libshutdown2.o(.ARM.Collect$$libshutdown$$0000000C)
    __rt_entry                               0x0800019d   Thumb Code     0  __rtentry.o(.ARM.Collect$$rtentry$$00000000)
    __rt_entry_presh_1                       0x0800019d   Thumb Code     0  __rtentry2.o(.ARM.Collect$$rtentry$$00000002)
    __rt_entry_sh                            0x0800019d   Thumb Code     0  __rtentry4.o(.ARM.Collect$$rtentry$$00000004)
    __rt_entry_li                            0x080001a3   Thumb Code     0  __rtentry2.o(.ARM.Collect$$rtentry$$0000000A)
    __rt_entry_postsh_1                      0x080001a3   Thumb Code     0  __rtentry2.o(.ARM.Collect$$rtentry$$00000009)
    __rt_entry_main                          0x080001a7   Thumb Code     0  __rtentry2.o(.ARM.Collect$$rtentry$$0000000D)
    __rt_entry_postli_1                      0x080001a7   Thumb Code     0  __rtentry2.o(.ARM.Collect$$rtentry$$0000000C)
    __rt_exit                                0x080001af   Thumb Code     0  rtexit.o(.ARM.Collect$$rtexit$$00000000)
    __rt_exit_ls                             0x080001b1   Thumb Code     0  rtexit2.o(.ARM.Collect$$rtexit$$00000003)
    __rt_exit_prels_1                        0x080001b1   Thumb Code     0  rtexit2.o(.ARM.Collect$$rtexit$$00000002)
    __rt_exit_exit                           0x080001b5   Thumb Code     0  rtexit2.o(.ARM.Collect$$rtexit$$00000004)
    Reset_Handler                            0x080001bd   Thumb Code     8  startup_stm32f10x_md_vl.o(.text)
    NMI_Handler                              0x080001c5   Thumb Code     2  startup_stm32f10x_md_vl.o(.text)
    HardFault_Handler                        0x080001c7   Thumb Code     2  startup_stm32f10x_md_vl.o(.text)
    MemManage_Handler                        0x080001c9   Thumb Code     2  startup_stm32f10x_md_vl.o(.text)
    BusFault_Handler                         0x080001cb   Thumb Code     2  startup_stm32f10x_md_vl.o(.text)
    UsageFault_Handler                       0x080001cd   Thumb Code     2  startup_stm32f10x_md_vl.o(.text)
    SVC_Handler                              0x080001cf   Thumb Code     2  startup_stm32f10x_md_vl.o(.text)
    DebugMon_Handler                         0x080001d1   Thumb Code     2  startup_stm32f10x_md_vl.o(.text)
    PendSV_Handler                           0x080001d3   Thumb Code     2  startup_stm32f10x_md_vl.o(.text)
    SysTick_Handler                          0x080001d5   Thumb Code     2  startup_stm32f10x_md_vl.o(.text)
    ADC1_IRQHandler                          0x080001d7   Thumb Code     0  startup_stm32f10x_md_vl.o(.text)
    CEC_IRQHandler                           0x080001d7   Thumb Code     0  startup_stm32f10x_md_vl.o(.text)
    DMA1_Channel1_IRQHandler                 0x080001d7   Thumb Code     0  startup_stm32f10x_md_vl.o(.text)
    DMA1_Channel2_IRQHandler                 0x080001d7   Thumb Code     0  startup_stm32f10x_md_vl.o(.text)
    DMA1_Channel3_IRQHandler                 0x080001d7   Thumb Code     0  startup_stm32f10x_md_vl.o(.text)
    DMA1_Channel4_IRQHandler                 0x080001d7   Thumb Code     0  startup_stm32f10x_md_vl.o(.text)
    DMA1_Channel5_IRQHandler                 0x080001d7   Thumb Code     0  startup_stm32f10x_md_vl.o(.text)
    DMA1_Channel6_IRQHandler                 0x080001d7   Thumb Code     0  startup_stm32f10x_md_vl.o(.text)
    DMA1_Channel7_IRQHandler                 0x080001d7   Thumb Code     0  startup_stm32f10x_md_vl.o(.text)
    EXTI0_IRQHandler                         0x080001d7   Thumb Code     0  startup_stm32f10x_md_vl.o(.text)
    EXTI15_10_IRQHandler                     0x080001d7   Thumb Code     0  startup_stm32f10x_md_vl.o(.text)
    EXTI9_5_IRQHandler                       0x080001d7   Thumb Code     0  startup_stm32f10x_md_vl.o(.text)
    FLASH_IRQHandler                         0x080001d7   Thumb Code     0  startup_stm32f10x_md_vl.o(.text)
    I2C1_ER_IRQHandler                       0x080001d7   Thumb Code     0  startup_stm32f10x_md_vl.o(.text)
    I2C1_EV_IRQHandler                       0x080001d7   Thumb Code     0  startup_stm32f10x_md_vl.o(.text)
    I2C2_ER_IRQHandler                       0x080001d7   Thumb Code     0  startup_stm32f10x_md_vl.o(.text)
    I2C2_EV_IRQHandler                       0x080001d7   Thumb Code     0  startup_stm32f10x_md_vl.o(.text)
    PVD_IRQHandler                           0x080001d7   Thumb Code     0  startup_stm32f10x_md_vl.o(.text)
    RCC_IRQHandler                           0x080001d7   Thumb Code     0  startup_stm32f10x_md_vl.o(.text)
    RTCAlarm_IRQHandler                      0x080001d7   Thumb Code     0  startup_stm32f10x_md_vl.o(.text)
    RTC_IRQHandler                           0x080001d7   Thumb Code     0  startup_stm32f10x_md_vl.o(.text)
    SPI1_IRQHandler                          0x080001d7   Thumb Code     0  startup_stm32f10x_md_vl.o(.text)
    SPI2_IRQHandler                          0x080001d7   Thumb Code     0  startup_stm32f10x_md_vl.o(.text)
    TAMPER_IRQHandler                        0x080001d7   Thumb Code     0  startup_stm32f10x_md_vl.o(.text)
    TIM1_BRK_TIM15_IRQHandler                0x080001d7   Thumb Code     0  startup_stm32f10x_md_vl.o(.text)
    TIM1_CC_IRQHandler                       0x080001d7   Thumb Code     0  startup_stm32f10x_md_vl.o(.text)
    TIM1_TRG_COM_TIM17_IRQHandler            0x080001d7   Thumb Code     0  startup_stm32f10x_md_vl.o(.text)
    TIM1_UP_TIM16_IRQHandler                 0x080001d7   Thumb Code     0  startup_stm32f10x_md_vl.o(.text)
    TIM2_IRQHandler                          0x080001d7   Thumb Code     0  startup_stm32f10x_md_vl.o(.text)
    TIM3_IRQHandler                          0x080001d7   Thumb Code     0  startup_stm32f10x_md_vl.o(.text)
    TIM4_IRQHandler                          0x080001d7   Thumb Code     0  startup_stm32f10x_md_vl.o(.text)
    TIM6_DAC_IRQHandler                      0x080001d7   Thumb Code     0  startup_stm32f10x_md_vl.o(.text)
    TIM7_IRQHandler                          0x080001d7   Thumb Code     0  startup_stm32f10x_md_vl.o(.text)
    USART2_IRQHandler                        0x080001d7   Thumb Code     0  startup_stm32f10x_md_vl.o(.text)
    USART3_IRQHandler                        0x080001d7   Thumb Code     0  startup_stm32f10x_md_vl.o(.text)
    WWDG_IRQHandler                          0x080001d7   Thumb Code     0  startup_stm32f10x_md_vl.o(.text)
    __user_initial_stackheap                 0x080001d9   Thumb Code     0  startup_stm32f10x_md_vl.o(.text)
    __use_two_region_memory                  0x080001fd   Thumb Code     2  heapauxi.o(.text)
    __rt_heap_escrow$2region                 0x080001ff   Thumb Code     2  heapauxi.o(.text)
    __rt_heap_expand$2region                 0x08000201   Thumb Code     2  heapauxi.o(.text)
    __user_setup_stackheap                   0x08000203   Thumb Code    74  sys_stackheap_outer.o(.text)
    exit                                     0x0800024d   Thumb Code    18  exit.o(.text)
    __user_libspace                          0x08000261   Thumb Code     8  libspace.o(.text)
    __user_perproc_libspace                  0x08000261   Thumb Code     0  libspace.o(.text)
    __user_perthread_libspace                0x08000261   Thumb Code     0  libspace.o(.text)
    _sys_exit                                0x08000269   Thumb Code     8  sys_exit.o(.text)
    __I$use$semihosting                      0x08000275   Thumb Code     0  use_no_semi.o(.text)
    __use_no_semihosting_swi                 0x08000275   Thumb Code     2  use_no_semi.o(.text)
    __semihosting_library_function           0x08000277   Thumb Code     0  indicate_semi.o(.text)
    Autenthicate                             0x08000279   Thumb Code    38  comcontroll.o(i.Autenthicate)
    ButtonInit                               0x080002a5   Thumb Code    14  basefunctions.o(i.ButtonInit)
    EXTI1_IRQHandler                         0x080002b9   Thumb Code    48  main.o(i.EXTI1_IRQHandler)
    EXTI2_IRQHandler                         0x080002f5   Thumb Code    14  main.o(i.EXTI2_IRQHandler)
    EXTI3_IRQHandler                         0x08000309   Thumb Code    26  main.o(i.EXTI3_IRQHandler)
    EXTI4_IRQHandler                         0x0800032d   Thumb Code    26  main.o(i.EXTI4_IRQHandler)
    LedInit                                  0x08000351   Thumb Code    36  basefunctions.o(i.LedInit)
    ResetEncoder                             0x080003c1   Thumb Code    10  enkodercontroll.o(i.ResetEncoder)
    SendByte                                 0x080003cd   Thumb Code    36  comcontroll.o(i.SendByte)
    SendInt                                  0x080003f5   Thumb Code    24  comcontroll.o(i.SendInt)
    SetUpInterrupt                           0x080004cd   Thumb Code   154  enkodercontroll.o(i.SetUpInterrupt)
    SystemInit                               0x08000581   Thumb Code    82  system_stm32f10x.o(i.SystemInit)
    USART1_IRQHandler                        0x080005e5   Thumb Code    54  main.o(i.USART1_IRQHandler)
    USARTInit                                0x08000625   Thumb Code   228  comcontroll.o(i.USARTInit)
    clock_configuration                      0x08000721   Thumb Code   130  basefunctions.o(i.clock_configuration)
    main                                     0x080007ad   Thumb Code    40  main.o(i.main)
    __aeabi_dadd                             0x080007e1   Thumb Code     0  daddsub_clz.o(x$fpl$dadd)
    _dadd                                    0x080007e1   Thumb Code   332  daddsub_clz.o(x$fpl$dadd)
    __aeabi_d2iz                             0x08000931   Thumb Code     0  dfix.o(x$fpl$dfix)
    _dfix                                    0x08000931   Thumb Code    94  dfix.o(x$fpl$dfix)
    __aeabi_ui2d                             0x0800098f   Thumb Code     0  dflt_clz.o(x$fpl$dfltu)
    _dfltu                                   0x0800098f   Thumb Code    38  dflt_clz.o(x$fpl$dfltu)
    __aeabi_dmul                             0x080009b5   Thumb Code     0  dmul.o(x$fpl$dmul)
    _dmul                                    0x080009b5   Thumb Code   332  dmul.o(x$fpl$dmul)
    __fpl_dnaninf                            0x08000b09   Thumb Code   156  dnaninf.o(x$fpl$dnaninf)
    __fpl_dretinf                            0x08000ba5   Thumb Code    12  dretinf.o(x$fpl$dretinf)
    __aeabi_drsub                            0x08000bb1   Thumb Code     0  daddsub_clz.o(x$fpl$drsb)
    _drsb                                    0x08000bb1   Thumb Code    22  daddsub_clz.o(x$fpl$drsb)
    __aeabi_dsub                             0x08000bc9   Thumb Code     0  daddsub_clz.o(x$fpl$dsub)
    _dsub                                    0x08000bc9   Thumb Code   464  daddsub_clz.o(x$fpl$dsub)
    Region$$Table$$Base                      0x08000d9c   Number         0  anon$$obj.o(Region$$Table)
    __I$use$fp                               0x08000d9c   Number         0  usenofp.o(x$fpl$usenofp)
    Region$$Table$$Limit                     0x08000dbc   Number         0  anon$$obj.o(Region$$Table)
    force                                    0x20000000   Data           8  main.o(.data)
    translation                              0x20000008   Data           8  main.o(.data)
    up                                       0x20000010   Data           1  main.o(.data)
    __libspace_start                         0x20000014   Data          96  libspace.o(.bss)
    __temporary_stack_top$libspace           0x20000074   Data           0  libspace.o(.bss)



==============================================================================

Memory Map of the image

  Image Entry point : 0x080001bd

  Load Region LR_1 (Base: 0x08000000, Size: 0x00000dd0, Max: 0xffffffff, ABSOLUTE)

    Execution Region ER_RO (Base: 0x08000000, Size: 0x00000dbc, Max: 0xffffffff, ABSOLUTE)

    Base Addr    Size         Type   Attr      Idx    E Section Name        Object

    0x08000000   0x00000120   Data   RO          221    RESET               startup_stm32f10x_md_vl.o
    0x08000120   0x00000008   Code   RO          276  * !!!main             c_w.l(__main.o)
    0x08000128   0x00000034   Code   RO          456    !!!scatter          c_w.l(__scatter.o)
    0x0800015c   0x0000001a   Code   RO          458    !!handler_copy      c_w.l(__scatter_copy.o)
    0x08000176   0x00000002   PAD
    0x08000178   0x0000001c   Code   RO          460    !!handler_zi        c_w.l(__scatter_zi.o)
    0x08000194   0x00000002   Code   RO          326    .ARM.Collect$$libinit$$00000000  c_w.l(libinit.o)
    0x08000196   0x00000000   Code   RO          333    .ARM.Collect$$libinit$$00000002  c_w.l(libinit2.o)
    0x08000196   0x00000000   Code   RO          335    .ARM.Collect$$libinit$$00000004  c_w.l(libinit2.o)
    0x08000196   0x00000000   Code   RO          338    .ARM.Collect$$libinit$$0000000A  c_w.l(libinit2.o)
    0x08000196   0x00000000   Code   RO          340    .ARM.Collect$$libinit$$0000000C  c_w.l(libinit2.o)
    0x08000196   0x00000000   Code   RO          342    .ARM.Collect$$libinit$$0000000E  c_w.l(libinit2.o)
    0x08000196   0x00000000   Code   RO          345    .ARM.Collect$$libinit$$00000011  c_w.l(libinit2.o)
    0x08000196   0x00000000   Code   RO          347    .ARM.Collect$$libinit$$00000013  c_w.l(libinit2.o)
    0x08000196   0x00000000   Code   RO          349    .ARM.Collect$$libinit$$00000015  c_w.l(libinit2.o)
    0x08000196   0x00000000   Code   RO          351    .ARM.Collect$$libinit$$00000017  c_w.l(libinit2.o)
    0x08000196   0x00000000   Code   RO          353    .ARM.Collect$$libinit$$00000019  c_w.l(libinit2.o)
    0x08000196   0x00000000   Code   RO          355    .ARM.Collect$$libinit$$0000001B  c_w.l(libinit2.o)
    0x08000196   0x00000000   Code   RO          357    .ARM.Collect$$libinit$$0000001D  c_w.l(libinit2.o)
    0x08000196   0x00000000   Code   RO          359    .ARM.Collect$$libinit$$0000001F  c_w.l(libinit2.o)
    0x08000196   0x00000000   Code   RO          361    .ARM.Collect$$libinit$$00000021  c_w.l(libinit2.o)
    0x08000196   0x00000000   Code   RO          363    .ARM.Collect$$libinit$$00000023  c_w.l(libinit2.o)
    0x08000196   0x00000000   Code   RO          365    .ARM.Collect$$libinit$$00000025  c_w.l(libinit2.o)
    0x08000196   0x00000000   Code   RO          369    .ARM.Collect$$libinit$$0000002C  c_w.l(libinit2.o)
    0x08000196   0x00000000   Code   RO          371    .ARM.Collect$$libinit$$0000002E  c_w.l(libinit2.o)
    0x08000196   0x00000000   Code   RO          373    .ARM.Collect$$libinit$$00000030  c_w.l(libinit2.o)
    0x08000196   0x00000000   Code   RO          375    .ARM.Collect$$libinit$$00000032  c_w.l(libinit2.o)
    0x08000196   0x00000002   Code   RO          376    .ARM.Collect$$libinit$$00000033  c_w.l(libinit2.o)
    0x08000198   0x00000002   Code   RO          396    .ARM.Collect$$libshutdown$$00000000  c_w.l(libshutdown.o)
    0x0800019a   0x00000000   Code   RO          409    .ARM.Collect$$libshutdown$$00000002  c_w.l(libshutdown2.o)
    0x0800019a   0x00000000   Code   RO          411    .ARM.Collect$$libshutdown$$00000004  c_w.l(libshutdown2.o)
    0x0800019a   0x00000000   Code   RO          414    .ARM.Collect$$libshutdown$$00000007  c_w.l(libshutdown2.o)
    0x0800019a   0x00000000   Code   RO          417    .ARM.Collect$$libshutdown$$0000000A  c_w.l(libshutdown2.o)
    0x0800019a   0x00000000   Code   RO          419    .ARM.Collect$$libshutdown$$0000000C  c_w.l(libshutdown2.o)
    0x0800019a   0x00000000   Code   RO          422    .ARM.Collect$$libshutdown$$0000000F  c_w.l(libshutdown2.o)
    0x0800019a   0x00000002   Code   RO          423    .ARM.Collect$$libshutdown$$00000010  c_w.l(libshutdown2.o)
    0x0800019c   0x00000000   Code   RO          296    .ARM.Collect$$rtentry$$00000000  c_w.l(__rtentry.o)
    0x0800019c   0x00000000   Code   RO          303    .ARM.Collect$$rtentry$$00000002  c_w.l(__rtentry2.o)
    0x0800019c   0x00000006   Code   RO          315    .ARM.Collect$$rtentry$$00000004  c_w.l(__rtentry4.o)
    0x080001a2   0x00000000   Code   RO          305    .ARM.Collect$$rtentry$$00000009  c_w.l(__rtentry2.o)
    0x080001a2   0x00000004   Code   RO          306    .ARM.Collect$$rtentry$$0000000A  c_w.l(__rtentry2.o)
    0x080001a6   0x00000000   Code   RO          308    .ARM.Collect$$rtentry$$0000000C  c_w.l(__rtentry2.o)
    0x080001a6   0x00000008   Code   RO          309    .ARM.Collect$$rtentry$$0000000D  c_w.l(__rtentry2.o)
    0x080001ae   0x00000002   Code   RO          330    .ARM.Collect$$rtexit$$00000000  c_w.l(rtexit.o)
    0x080001b0   0x00000000   Code   RO          378    .ARM.Collect$$rtexit$$00000002  c_w.l(rtexit2.o)
    0x080001b0   0x00000004   Code   RO          379    .ARM.Collect$$rtexit$$00000003  c_w.l(rtexit2.o)
    0x080001b4   0x00000006   Code   RO          380    .ARM.Collect$$rtexit$$00000004  c_w.l(rtexit2.o)
    0x080001ba   0x00000002   PAD
    0x080001bc   0x00000040   Code   RO          222  * .text               startup_stm32f10x_md_vl.o
    0x080001fc   0x00000006   Code   RO          274    .text               c_w.l(heapauxi.o)
    0x08000202   0x0000004a   Code   RO          317    .text               c_w.l(sys_stackheap_outer.o)
    0x0800024c   0x00000012   Code   RO          319    .text               c_w.l(exit.o)
    0x0800025e   0x00000002   PAD
    0x08000260   0x00000008   Code   RO          327    .text               c_w.l(libspace.o)
    0x08000268   0x0000000c   Code   RO          388    .text               c_w.l(sys_exit.o)
    0x08000274   0x00000002   Code   RO          399    .text               c_w.l(use_no_semi.o)
    0x08000276   0x00000000   Code   RO          401    .text               c_w.l(indicate_semi.o)
    0x08000276   0x00000002   PAD
    0x08000278   0x0000002c   Code   RO          132    i.Autenthicate      comcontroll.o
    0x080002a4   0x00000014   Code   RO           96    i.ButtonInit        basefunctions.o
    0x080002b8   0x0000003c   Code   RO            4    i.EXTI1_IRQHandler  main.o
    0x080002f4   0x00000014   Code   RO            5    i.EXTI2_IRQHandler  main.o
    0x08000308   0x00000024   Code   RO            6    i.EXTI3_IRQHandler  main.o
    0x0800032c   0x00000024   Code   RO            7    i.EXTI4_IRQHandler  main.o
    0x08000350   0x0000002c   Code   RO           97    i.LedInit           basefunctions.o
    0x0800037c   0x0000001a   Code   RO          178    i.NVIC_EnableIRQ    enkodercontroll.o
    0x08000396   0x00000002   PAD
    0x08000398   0x00000028   Code   RO          179    i.NVIC_SetPriority  enkodercontroll.o
    0x080003c0   0x0000000a   Code   RO          180    i.ResetEncoder      enkodercontroll.o
    0x080003ca   0x00000002   PAD
    0x080003cc   0x00000028   Code   RO          133    i.SendByte          comcontroll.o
    0x080003f4   0x00000018   Code   RO          134    i.SendInt           comcontroll.o
    0x0800040c   0x00000008   Code   RO          229    i.SetSysClock       system_stm32f10x.o
    0x08000414   0x000000b8   Code   RO          230    i.SetSysClockTo24   system_stm32f10x.o
    0x080004cc   0x000000b4   Code   RO          181    i.SetUpInterrupt    enkodercontroll.o
    0x08000580   0x00000064   Code   RO          232    i.SystemInit        system_stm32f10x.o
    0x080005e4   0x00000040   Code   RO            8    i.USART1_IRQHandler  main.o
    0x08000624   0x000000fc   Code   RO          135    i.USARTInit         comcontroll.o
    0x08000720   0x0000008c   Code   RO           98    i.clock_configuration  basefunctions.o
    0x080007ac   0x00000034   Code   RO            9    i.main              main.o
    0x080007e0   0x00000150   Code   RO          278    x$fpl$dadd          fz_ws.l(daddsub_clz.o)
    0x08000930   0x0000005e   Code   RO          284    x$fpl$dfix          fz_ws.l(dfix.o)
    0x0800098e   0x00000026   Code   RO          288    x$fpl$dfltu         fz_ws.l(dflt_clz.o)
    0x080009b4   0x00000154   Code   RO          294    x$fpl$dmul          fz_ws.l(dmul.o)
    0x08000b08   0x0000009c   Code   RO          297    x$fpl$dnaninf       fz_ws.l(dnaninf.o)
    0x08000ba4   0x0000000c   Code   RO          299    x$fpl$dretinf       fz_ws.l(dretinf.o)
    0x08000bb0   0x00000016   Code   RO          279    x$fpl$drsb          fz_ws.l(daddsub_clz.o)
    0x08000bc6   0x00000002   PAD
    0x08000bc8   0x000001d4   Code   RO          280    x$fpl$dsub          fz_ws.l(daddsub_clz.o)
    0x08000d9c   0x00000000   Code   RO          301    x$fpl$usenofp       fz_ws.l(usenofp.o)
    0x08000d9c   0x00000020   Data   RO          454    Region$$Table       anon$$obj.o


    Execution Region ER_RW (Base: 0x20000000, Size: 0x00000014, Max: 0xffffffff, ABSOLUTE)

    Base Addr    Size         Type   Attr      Idx    E Section Name        Object

    0x20000000   0x00000011   Data   RW           10    .data               main.o


    Execution Region ER_ZI (Base: 0x20000014, Size: 0x00000664, Max: 0xffffffff, ABSOLUTE)

    Base Addr    Size         Type   Attr      Idx    E Section Name        Object

    0x20000014   0x00000060   Zero   RW          328    .bss                c_w.l(libspace.o)
    0x20000074   0x00000004   PAD
    0x20000078   0x00000200   Zero   RW          220    HEAP                startup_stm32f10x_md_vl.o
    0x20000278   0x00000400   Zero   RW          219    STACK               startup_stm32f10x_md_vl.o


==============================================================================

Image component sizes


      Code (inc. data)   RO Data    RW Data    ZI Data      Debug   Object Name

       204         24          0          0          0       1145   basefunctions.o
       360         34          0          0          0      26339   comcontroll.o
       256         34          0          0          0      26307   enkodercontroll.o
       268         60          0         17          0     211230   main.o
        64         26        288          0       1536        788   startup_stm32f10x_md_vl.o
       292         24          0          0          0       1857   system_stm32f10x.o

    ----------------------------------------------------------------------
      1448        202        320         20       1536     267666   Object Totals
         0          0         32          0          0          0   (incl. Generated)
         4          0          0          3          0          0   (incl. Padding)

    ----------------------------------------------------------------------

      Code (inc. data)   RO Data    RW Data    ZI Data      Debug   Library Member Name

         8          0          0          0          0         68   __main.o
         0          0          0          0          0          0   __rtentry.o
        12          0          0          0          0          0   __rtentry2.o
         6          0          0          0          0          0   __rtentry4.o
        52          8          0          0          0          0   __scatter.o
        26          0          0          0          0          0   __scatter_copy.o
        28          0          0          0          0          0   __scatter_zi.o
        18          0          0          0          0         80   exit.o
         6          0          0          0          0        152   heapauxi.o
         0          0          0          0          0          0   indicate_semi.o
         2          0          0          0          0          0   libinit.o
         2          0          0          0          0          0   libinit2.o
         2          0          0          0          0          0   libshutdown.o
         2          0          0          0          0          0   libshutdown2.o
         8          4          0          0         96         68   libspace.o
         2          0          0          0          0          0   rtexit.o
        10          0          0          0          0          0   rtexit2.o
        12          4          0          0          0         68   sys_exit.o
        74          0          0          0          0         80   sys_stackheap_outer.o
         2          0          0          0          0         68   use_no_semi.o
       826         16          0          0          0        348   daddsub_clz.o
        94          4          0          0          0         92   dfix.o
        38          0          0          0          0         68   dflt_clz.o
       340         12          0          0          0        104   dmul.o
       156          4          0          0          0         92   dnaninf.o
        12          0          0          0          0         68   dretinf.o
         0          0          0          0          0          0   usenofp.o

    ----------------------------------------------------------------------
      1748         52          0          0        100       1356   Library Totals
        10          0          0          0          4          0   (incl. Padding)

    ----------------------------------------------------------------------

      Code (inc. data)   RO Data    RW Data    ZI Data      Debug   Library Name

       272         16          0          0         96        584   c_w.l
      1466         36          0          0          0        772   fz_ws.l

    ----------------------------------------------------------------------
      1748         52          0          0        100       1356   Library Totals

    ----------------------------------------------------------------------

==============================================================================


      Code (inc. data)   RO Data    RW Data    ZI Data      Debug   

      3196        254        320         20       1636     267510   Grand Totals
      3196        254        320         20       1636     267510   ELF Image Totals
      3196        254        320         20          0          0   ROM Totals

==============================================================================

    Total RO  Size (Code + RO Data)                 3516 (   3.43kB)
    Total RW  Size (RW Data + ZI Data)              1656 (   1.62kB)
    Total ROM Size (Code + RO Data + RW Data)       3536 (   3.45kB)

==============================================================================

